V3 3
FL "C:/Documents and Settings/student/Plocha/Projekt/student_test/work/fsm.vhd" 2017/05/07.20:49:48 O.40d
EN work/fsm 1494183248 \
      FL "C:/Documents and Settings/student/Plocha/Projekt/student_test/work/fsm.vhd" \
      PB ieee/std_logic_1164 1296775758
AR work/fsm/behavioral 1494183249 \
      FL "C:/Documents and Settings/student/Plocha/Projekt/student_test/work/fsm.vhd" \
      EN work/fsm 1494183248
